<?xml version="1.0"?>
<link_info>
   <banner>TI ARM Linker PC v5.1.9</banner>
   <copyright>Copyright (c) 1996-2014 Texas Instruments Incorporated</copyright>
   <link_time>0x5494b185</link_time>
   <link_errors>0x0</link_errors>
   <output_file>AUDIO.out</output_file>
   <entry_point>
      <name>_c_int00</name>
      <address>0x8230</address>
   </entry_point>
   <input_file_list>
      <input_file id="fl-2">
         <path>.\source\</path>
         <kind>object</kind>
         <file>DSP.obj</file>
         <name>DSP.obj</name>
      </input_file>
      <input_file id="fl-3">
         <path>.\source\</path>
         <kind>object</kind>
         <file>GLCD.obj</file>
         <name>GLCD.obj</name>
      </input_file>
      <input_file id="fl-4">
         <path>.\source\</path>
         <kind>object</kind>
         <file>adc.obj</file>
         <name>adc.obj</name>
      </input_file>
      <input_file id="fl-5">
         <path>.\source\</path>
         <kind>object</kind>
         <file>can.obj</file>
         <name>can.obj</name>
      </input_file>
      <input_file id="fl-6">
         <path>.\source\</path>
         <kind>object</kind>
         <file>crc.obj</file>
         <name>crc.obj</name>
      </input_file>
      <input_file id="fl-7">
         <path>.\source\</path>
         <kind>object</kind>
         <file>dabort.obj</file>
         <name>dabort.obj</name>
      </input_file>
      <input_file id="fl-8">
         <path>.\source\</path>
         <kind>object</kind>
         <file>dcc.obj</file>
         <name>dcc.obj</name>
      </input_file>
      <input_file id="fl-9">
         <path>.\source\</path>
         <kind>object</kind>
         <file>eqep.obj</file>
         <name>eqep.obj</name>
      </input_file>
      <input_file id="fl-a">
         <path>.\source\</path>
         <kind>object</kind>
         <file>esm.obj</file>
         <name>esm.obj</name>
      </input_file>
      <input_file id="fl-b">
         <path>.\source\</path>
         <kind>object</kind>
         <file>gio.obj</file>
         <name>gio.obj</name>
      </input_file>
      <input_file id="fl-c">
         <path>.\source\</path>
         <kind>object</kind>
         <file>het.obj</file>
         <name>het.obj</name>
      </input_file>
      <input_file id="fl-d">
         <path>.\source\</path>
         <kind>object</kind>
         <file>lin.obj</file>
         <name>lin.obj</name>
      </input_file>
      <input_file id="fl-e">
         <path>.\source\</path>
         <kind>object</kind>
         <file>mibspi.obj</file>
         <name>mibspi.obj</name>
      </input_file>
      <input_file id="fl-f">
         <path>.\source\</path>
         <kind>object</kind>
         <file>notification.obj</file>
         <name>notification.obj</name>
      </input_file>
      <input_file id="fl-10">
         <path>.\source\</path>
         <kind>object</kind>
         <file>pinmux.obj</file>
         <name>pinmux.obj</name>
      </input_file>
      <input_file id="fl-11">
         <path>.\source\</path>
         <kind>object</kind>
         <file>rti.obj</file>
         <name>rti.obj</name>
      </input_file>
      <input_file id="fl-12">
         <path>.\source\</path>
         <kind>object</kind>
         <file>spi.obj</file>
         <name>spi.obj</name>
      </input_file>
      <input_file id="fl-13">
         <path>.\source\</path>
         <kind>object</kind>
         <file>sys_core.obj</file>
         <name>sys_core.obj</name>
      </input_file>
      <input_file id="fl-14">
         <path>.\source\</path>
         <kind>object</kind>
         <file>sys_intvecs.obj</file>
         <name>sys_intvecs.obj</name>
      </input_file>
      <input_file id="fl-15">
         <path>.\source\</path>
         <kind>object</kind>
         <file>sys_main.obj</file>
         <name>sys_main.obj</name>
      </input_file>
      <input_file id="fl-16">
         <path>.\source\</path>
         <kind>object</kind>
         <file>sys_mpu.obj</file>
         <name>sys_mpu.obj</name>
      </input_file>
      <input_file id="fl-17">
         <path>.\source\</path>
         <kind>object</kind>
         <file>sys_pcr.obj</file>
         <name>sys_pcr.obj</name>
      </input_file>
      <input_file id="fl-18">
         <path>.\source\</path>
         <kind>object</kind>
         <file>sys_phantom.obj</file>
         <name>sys_phantom.obj</name>
      </input_file>
      <input_file id="fl-19">
         <path>.\source\</path>
         <kind>object</kind>
         <file>sys_pmu.obj</file>
         <name>sys_pmu.obj</name>
      </input_file>
      <input_file id="fl-1a">
         <path>.\source\</path>
         <kind>object</kind>
         <file>sys_selftest.obj</file>
         <name>sys_selftest.obj</name>
      </input_file>
      <input_file id="fl-1b">
         <path>.\source\</path>
         <kind>object</kind>
         <file>sys_startup.obj</file>
         <name>sys_startup.obj</name>
      </input_file>
      <input_file id="fl-1c">
         <path>.\source\</path>
         <kind>object</kind>
         <file>sys_vim.obj</file>
         <name>sys_vim.obj</name>
      </input_file>
      <input_file id="fl-1d">
         <path>.\source\</path>
         <kind>object</kind>
         <file>system.obj</file>
         <name>system.obj</name>
      </input_file>
      <input_file id="fl-14a">
         <path>c:\ti\ccsv6\tools\compiler\arm_5.1.9\lib\</path>
         <kind>archive</kind>
         <file>rtsv7R4_A_le_eabi.lib</file>
         <name>auto_init.obj</name>
      </input_file>
      <input_file id="fl-14b">
         <path>c:\ti\ccsv6\tools\compiler\arm_5.1.9\lib\</path>
         <kind>archive</kind>
         <file>rtsv7R4_A_le_eabi.lib</file>
         <name>copy_decompress_none.obj</name>
      </input_file>
      <input_file id="fl-14c">
         <path>c:\ti\ccsv6\tools\compiler\arm_5.1.9\lib\</path>
         <kind>archive</kind>
         <file>rtsv7R4_A_le_eabi.lib</file>
         <name>copy_decompress_rle.obj</name>
      </input_file>
      <input_file id="fl-14d">
         <path>c:\ti\ccsv6\tools\compiler\arm_5.1.9\lib\</path>
         <kind>archive</kind>
         <file>rtsv7R4_A_le_eabi.lib</file>
         <name>copy_zero_init.obj</name>
      </input_file>
      <input_file id="fl-14e">
         <path>c:\ti\ccsv6\tools\compiler\arm_5.1.9\lib\</path>
         <kind>archive</kind>
         <file>rtsv7R4_A_le_eabi.lib</file>
         <name>cos.obj</name>
      </input_file>
      <input_file id="fl-14f">
         <path>c:\ti\ccsv6\tools\compiler\arm_5.1.9\lib\</path>
         <kind>archive</kind>
         <file>rtsv7R4_A_le_eabi.lib</file>
         <name>cpy_tbl.obj</name>
      </input_file>
      <input_file id="fl-150">
         <path>c:\ti\ccsv6\tools\compiler\arm_5.1.9\lib\</path>
         <kind>archive</kind>
         <file>rtsv7R4_A_le_eabi.lib</file>
         <name>exit.obj</name>
      </input_file>
      <input_file id="fl-151">
         <path>c:\ti\ccsv6\tools\compiler\arm_5.1.9\lib\</path>
         <kind>archive</kind>
         <file>rtsv7R4_A_le_eabi.lib</file>
         <name>fd_add32.obj</name>
      </input_file>
      <input_file id="fl-152">
         <path>c:\ti\ccsv6\tools\compiler\arm_5.1.9\lib\</path>
         <kind>archive</kind>
         <file>rtsv7R4_A_le_eabi.lib</file>
         <name>fd_cmp32.obj</name>
      </input_file>
      <input_file id="fl-153">
         <path>c:\ti\ccsv6\tools\compiler\arm_5.1.9\lib\</path>
         <kind>archive</kind>
         <file>rtsv7R4_A_le_eabi.lib</file>
         <name>fd_div32.obj</name>
      </input_file>
      <input_file id="fl-154">
         <path>c:\ti\ccsv6\tools\compiler\arm_5.1.9\lib\</path>
         <kind>archive</kind>
         <file>rtsv7R4_A_le_eabi.lib</file>
         <name>fd_mul32.obj</name>
      </input_file>
      <input_file id="fl-155">
         <path>c:\ti\ccsv6\tools\compiler\arm_5.1.9\lib\</path>
         <kind>archive</kind>
         <file>rtsv7R4_A_le_eabi.lib</file>
         <name>fd_toi32.obj</name>
      </input_file>
      <input_file id="fl-156">
         <path>c:\ti\ccsv6\tools\compiler\arm_5.1.9\lib\</path>
         <kind>archive</kind>
         <file>rtsv7R4_A_le_eabi.lib</file>
         <name>fd_tos32.obj</name>
      </input_file>
      <input_file id="fl-157">
         <path>c:\ti\ccsv6\tools\compiler\arm_5.1.9\lib\</path>
         <kind>archive</kind>
         <file>rtsv7R4_A_le_eabi.lib</file>
         <name>fd_tou32.obj</name>
      </input_file>
      <input_file id="fl-158">
         <path>c:\ti\ccsv6\tools\compiler\arm_5.1.9\lib\</path>
         <kind>archive</kind>
         <file>rtsv7R4_A_le_eabi.lib</file>
         <name>fs_cmp32.obj</name>
      </input_file>
      <input_file id="fl-159">
         <path>c:\ti\ccsv6\tools\compiler\arm_5.1.9\lib\</path>
         <kind>archive</kind>
         <file>rtsv7R4_A_le_eabi.lib</file>
         <name>fs_mul32.obj</name>
      </input_file>
      <input_file id="fl-15a">
         <path>c:\ti\ccsv6\tools\compiler\arm_5.1.9\lib\</path>
         <kind>archive</kind>
         <file>rtsv7R4_A_le_eabi.lib</file>
         <name>fs_tod32.obj</name>
      </input_file>
      <input_file id="fl-15b">
         <path>c:\ti\ccsv6\tools\compiler\arm_5.1.9\lib\</path>
         <kind>archive</kind>
         <file>rtsv7R4_A_le_eabi.lib</file>
         <name>fs_toi32.obj</name>
      </input_file>
      <input_file id="fl-15c">
         <path>c:\ti\ccsv6\tools\compiler\arm_5.1.9\lib\</path>
         <kind>archive</kind>
         <file>rtsv7R4_A_le_eabi.lib</file>
         <name>i_div32.obj</name>
      </input_file>
      <input_file id="fl-15d">
         <path>c:\ti\ccsv6\tools\compiler\arm_5.1.9\lib\</path>
         <kind>archive</kind>
         <file>rtsv7R4_A_le_eabi.lib</file>
         <name>i_tofd32.obj</name>
      </input_file>
      <input_file id="fl-15e">
         <path>c:\ti\ccsv6\tools\compiler\arm_5.1.9\lib\</path>
         <kind>archive</kind>
         <file>rtsv7R4_A_le_eabi.lib</file>
         <name>i_tofs32.obj</name>
      </input_file>
      <input_file id="fl-15f">
         <path>c:\ti\ccsv6\tools\compiler\arm_5.1.9\lib\</path>
         <kind>archive</kind>
         <file>rtsv7R4_A_le_eabi.lib</file>
         <name>memcpy32.obj</name>
      </input_file>
      <input_file id="fl-160">
         <path>c:\ti\ccsv6\tools\compiler\arm_5.1.9\lib\</path>
         <kind>archive</kind>
         <file>rtsv7R4_A_le_eabi.lib</file>
         <name>memset32.obj</name>
      </input_file>
      <input_file id="fl-161">
         <path>c:\ti\ccsv6\tools\compiler\arm_5.1.9\lib\</path>
         <kind>archive</kind>
         <file>rtsv7R4_A_le_eabi.lib</file>
         <name>sin.obj</name>
      </input_file>
      <input_file id="fl-162">
         <path>c:\ti\ccsv6\tools\compiler\arm_5.1.9\lib\</path>
         <kind>archive</kind>
         <file>rtsv7R4_A_le_eabi.lib</file>
         <name>sqrt.obj</name>
      </input_file>
      <input_file id="fl-163">
         <path>c:\ti\ccsv6\tools\compiler\arm_5.1.9\lib\</path>
         <kind>archive</kind>
         <file>rtsv7R4_A_le_eabi.lib</file>
         <name>u_div32.obj</name>
      </input_file>
      <input_file id="fl-164">
         <path>c:\ti\ccsv6\tools\compiler\arm_5.1.9\lib\</path>
         <kind>archive</kind>
         <file>rtsv7R4_A_le_eabi.lib</file>
         <name>u_tofd32.obj</name>
      </input_file>
      <input_file id="fl-165">
         <path>c:\ti\ccsv6\tools\compiler\arm_5.1.9\lib\</path>
         <kind>archive</kind>
         <file>rtsv7R4_A_le_eabi.lib</file>
         <name>xdscale.obj</name>
      </input_file>
      <input_file id="fl-166">
         <path>c:\ti\ccsv6\tools\compiler\arm_5.1.9\lib\</path>
         <kind>archive</kind>
         <file>rtsv7R4_A_le_eabi.lib</file>
         <name>xdunscal.obj</name>
      </input_file>
      <input_file id="fl-167">
         <path>c:\ti\ccsv6\tools\compiler\arm_5.1.9\lib\</path>
         <kind>archive</kind>
         <file>rtsv7R4_A_le_eabi.lib</file>
         <name>xferaise.obj</name>
      </input_file>
      <input_file id="fl-168">
         <path>c:\ti\ccsv6\tools\compiler\arm_5.1.9\lib\</path>
         <kind>archive</kind>
         <file>rtsv7R4_A_le_eabi.lib</file>
         <name>xsin.obj</name>
      </input_file>
      <input_file id="fl-169">
         <path>c:\ti\ccsv6\tools\compiler\arm_5.1.9\lib\</path>
         <kind>archive</kind>
         <file>rtsv7R4_A_le_eabi.lib</file>
         <name>xvalues.obj</name>
      </input_file>
      <input_file id="fl-16a">
         <path>c:\ti\ccsv6\tools\compiler\arm_5.1.9\lib\</path>
         <kind>archive</kind>
         <file>rtsv7R4_A_le_eabi.lib</file>
         <name>_lock.obj</name>
      </input_file>
      <input_file id="fl-16b">
         <path>c:\ti\ccsv6\tools\compiler\arm_5.1.9\lib\</path>
         <kind>archive</kind>
         <file>rtsv7R4_A_le_eabi.lib</file>
         <name>errno.obj</name>
      </input_file>
      <input_file id="fl-16c">
         <path>c:\ti\ccsv6\tools\compiler\arm_5.1.9\lib\</path>
         <kind>archive</kind>
         <file>rtsv7R4_A_le_eabi.lib</file>
         <name>feraiseexcept.obj</name>
      </input_file>
      <input_file id="fl-16d">
         <path>c:\ti\ccsv6\tools\compiler\arm_5.1.9\lib\</path>
         <kind>archive</kind>
         <file>rtsv7R4_A_le_eabi.lib</file>
         <name>fmod.obj</name>
      </input_file>
      <input_file id="fl-16e">
         <path>c:\ti\ccsv6\tools\compiler\arm_5.1.9\lib\</path>
         <kind>archive</kind>
         <file>rtsv7R4_A_le_eabi.lib</file>
         <name>raise.obj</name>
      </input_file>
      <input_file id="fl-16f">
         <path>c:\ti\ccsv6\tools\compiler\arm_5.1.9\lib\</path>
         <kind>archive</kind>
         <file>rtsv7R4_A_le_eabi.lib</file>
         <name>signal.obj</name>
      </input_file>
      <input_file id="fl-170">
         <path>c:\ti\ccsv6\tools\compiler\arm_5.1.9\lib\</path>
         <kind>archive</kind>
         <file>rtsv7R4_A_le_eabi.lib</file>
         <name>xdnorm.obj</name>
      </input_file>
      <input_file id="fl-171">
         <path>c:\ti\ccsv6\tools\compiler\arm_5.1.9\lib\</path>
         <kind>archive</kind>
         <file>rtsv7R4_A_le_eabi.lib</file>
         <name>xdtest.obj</name>
      </input_file>
   </input_file_list>
   <object_component_list>
      <object_component id="oc-2c">
         <name>.intvecs</name>
         <load_address>0x0</load_address>
         <run_address>0x0</run_address>
         <size>0x20</size>
         <input_file_ref idref="fl-14"/>
      </object_component>
      <object_component id="oc-4e">
         <name>.text</name>
         <load_address>0x20</load_address>
         <run_address>0x20</run_address>
         <size>0x24dc</size>
         <input_file_ref idref="fl-1a"/>
      </object_component>
      <object_component id="oc-de">
         <name>.text</name>
         <load_address>0x24fc</load_address>
         <run_address>0x24fc</run_address>
         <size>0x1194</size>
         <input_file_ref idref="fl-3"/>
      </object_component>
      <object_component id="oc-d8">
         <name>.text</name>
         <load_address>0x3690</load_address>
         <run_address>0x3690</run_address>
         <size>0xa84</size>
         <input_file_ref idref="fl-4"/>
      </object_component>
      <object_component id="oc-48">
         <name>.text</name>
         <load_address>0x4114</load_address>
         <run_address>0x4114</run_address>
         <size>0xa64</size>
         <input_file_ref idref="fl-1d"/>
      </object_component>
      <object_component id="oc-e4">
         <name>.text</name>
         <load_address>0x4b78</load_address>
         <run_address>0x4b78</run_address>
         <size>0x998</size>
         <input_file_ref idref="fl-2"/>
      </object_component>
      <object_component id="oc-cc">
         <name>.text</name>
         <load_address>0x5510</load_address>
         <run_address>0x5510</run_address>
         <size>0x91c</size>
         <input_file_ref idref="fl-c"/>
      </object_component>
      <object_component id="oc-3b">
         <name>.text</name>
         <load_address>0x5e2c</load_address>
         <run_address>0x5e2c</run_address>
         <size>0x890</size>
         <input_file_ref idref="fl-1c"/>
      </object_component>
      <object_component id="oc-54">
         <name>.text</name>
         <load_address>0x66bc</load_address>
         <run_address>0x66bc</run_address>
         <size>0x62c</size>
         <input_file_ref idref="fl-a"/>
      </object_component>
      <object_component id="oc-5f">
         <name>.text</name>
         <load_address>0x6ce8</load_address>
         <run_address>0x6ce8</run_address>
         <size>0x480</size>
         <input_file_ref idref="fl-15"/>
      </object_component>
      <object_component id="oc-2ae">
         <name>.text</name>
         <load_address>0x7168</load_address>
         <run_address>0x7168</run_address>
         <size>0x390</size>
         <input_file_ref idref="fl-168"/>
      </object_component>
      <object_component id="oc-d2">
         <name>.text</name>
         <load_address>0x74f8</load_address>
         <run_address>0x74f8</run_address>
         <size>0x36c</size>
         <input_file_ref idref="fl-b"/>
      </object_component>
      <object_component id="oc-43">
         <name>.text</name>
         <load_address>0x7864</load_address>
         <run_address>0x7864</run_address>
         <size>0x340</size>
         <input_file_ref idref="fl-13"/>
      </object_component>
      <object_component id="oc-37">
         <name>.text:retain</name>
         <load_address>0x7ba4</load_address>
         <run_address>0x7ba4</run_address>
         <size>0x26c</size>
         <input_file_ref idref="fl-1c"/>
      </object_component>
      <object_component id="oc-20a">
         <name>.text</name>
         <load_address>0x7e10</load_address>
         <run_address>0x7e10</run_address>
         <size>0x214</size>
         <input_file_ref idref="fl-151"/>
      </object_component>
      <object_component id="oc-30e">
         <name>.text</name>
         <load_address>0x8024</load_address>
         <run_address>0x8024</run_address>
         <size>0x20c</size>
         <input_file_ref idref="fl-16d"/>
      </object_component>
      <object_component id="oc-b">
         <name>.text:retain</name>
         <load_address>0x8230</load_address>
         <run_address>0x8230</run_address>
         <size>0x200</size>
         <input_file_ref idref="fl-1b"/>
      </object_component>
      <object_component id="oc-ef">
         <name>.text</name>
         <load_address>0x8430</load_address>
         <run_address>0x8430</run_address>
         <size>0x1d8</size>
         <input_file_ref idref="fl-162"/>
      </object_component>
      <object_component id="oc-8c">
         <name>.text</name>
         <load_address>0x8608</load_address>
         <run_address>0x8608</run_address>
         <size>0x1bc</size>
         <input_file_ref idref="fl-f"/>
      </object_component>
      <object_component id="oc-22a">
         <name>.text</name>
         <load_address>0x87c4</load_address>
         <run_address>0x87c4</run_address>
         <size>0x1a8</size>
         <input_file_ref idref="fl-165"/>
      </object_component>
      <object_component id="oc-1c3">
         <name>.text</name>
         <load_address>0x896c</load_address>
         <run_address>0x896c</run_address>
         <size>0x190</size>
         <input_file_ref idref="fl-153"/>
      </object_component>
      <object_component id="oc-6c">
         <name>.text</name>
         <load_address>0x8afc</load_address>
         <run_address>0x8afc</run_address>
         <size>0x180</size>
         <input_file_ref idref="fl-15f"/>
      </object_component>
      <object_component id="oc-2cc">
         <name>.text</name>
         <load_address>0x8c7c</load_address>
         <run_address>0x8c7c</run_address>
         <size>0x164</size>
         <input_file_ref idref="fl-170"/>
      </object_component>
      <object_component id="oc-af">
         <name>.text</name>
         <load_address>0x8de0</load_address>
         <run_address>0x8de0</run_address>
         <size>0x154</size>
         <input_file_ref idref="fl-10"/>
      </object_component>
      <object_component id="oc-23">
         <name>.text:retain</name>
         <load_address>0x8f34</load_address>
         <run_address>0x8f34</run_address>
         <size>0x130</size>
         <input_file_ref idref="fl-a"/>
      </object_component>
      <object_component id="oc-1be">
         <name>.text</name>
         <load_address>0x9064</load_address>
         <run_address>0x9064</run_address>
         <size>0x128</size>
         <input_file_ref idref="fl-154"/>
      </object_component>
      <object_component id="oc-b7">
         <name>.text</name>
         <load_address>0x918c</load_address>
         <run_address>0x918c</run_address>
         <size>0x114</size>
         <input_file_ref idref="fl-19"/>
      </object_component>
      <object_component id="oc-9b">
         <name>.text</name>
         <load_address>0x92a0</load_address>
         <run_address>0x92a0</run_address>
         <size>0xe8</size>
         <input_file_ref idref="fl-7"/>
      </object_component>
      <object_component id="oc-309">
         <name>.text:__aeabi_cdcmple</name>
         <load_address>0x9388</load_address>
         <run_address>0x9388</run_address>
         <size>0xe0</size>
         <input_file_ref idref="fl-152"/>
      </object_component>
      <object_component id="oc-ff">
         <name>.text:__aeabi_cdrcmple</name>
         <load_address>0x9468</load_address>
         <run_address>0x9468</run_address>
         <size>0xe0</size>
         <input_file_ref idref="fl-152"/>
      </object_component>
      <object_component id="oc-5a">
         <name>.text</name>
         <load_address>0x9548</load_address>
         <run_address>0x9548</run_address>
         <size>0xd4</size>
         <input_file_ref idref="fl-14a"/>
      </object_component>
      <object_component id="oc-1e1">
         <name>.text</name>
         <load_address>0x961c</load_address>
         <run_address>0x961c</run_address>
         <size>0xb0</size>
         <input_file_ref idref="fl-160"/>
      </object_component>
      <object_component id="oc-224">
         <name>.text</name>
         <load_address>0x96cc</load_address>
         <run_address>0x96cc</run_address>
         <size>0xb0</size>
         <input_file_ref idref="fl-166"/>
      </object_component>
      <object_component id="oc-1f4">
         <name>.text</name>
         <load_address>0x977c</load_address>
         <run_address>0x977c</run_address>
         <size>0xa8</size>
         <input_file_ref idref="fl-159"/>
      </object_component>
      <object_component id="oc-7f">
         <name>.text</name>
         <load_address>0x9824</load_address>
         <run_address>0x9824</run_address>
         <size>0x98</size>
         <input_file_ref idref="fl-14c"/>
      </object_component>
      <object_component id="oc-1ef">
         <name>.text:__aeabi_cfcmple</name>
         <load_address>0x98bc</load_address>
         <run_address>0x98bc</run_address>
         <size>0x88</size>
         <input_file_ref idref="fl-158"/>
      </object_component>
      <object_component id="oc-303">
         <name>.text</name>
         <load_address>0x9944</load_address>
         <run_address>0x9944</run_address>
         <size>0x84</size>
         <input_file_ref idref="fl-171"/>
      </object_component>
      <object_component id="oc-c5">
         <name>.text</name>
         <load_address>0x99c8</load_address>
         <run_address>0x99c8</run_address>
         <size>0x80</size>
         <input_file_ref idref="fl-14f"/>
      </object_component>
      <object_component id="oc-65">
         <name>.text</name>
         <load_address>0x9a48</load_address>
         <run_address>0x9a48</run_address>
         <size>0x78</size>
         <input_file_ref idref="fl-150"/>
      </object_component>
      <object_component id="oc-359">
         <name>.text</name>
         <load_address>0x9ac0</load_address>
         <run_address>0x9ac0</run_address>
         <size>0x64</size>
         <input_file_ref idref="fl-16f"/>
      </object_component>
      <object_component id="oc-fa">
         <name>.text</name>
         <load_address>0x9b24</load_address>
         <run_address>0x9b24</run_address>
         <size>0x60</size>
         <input_file_ref idref="fl-15a"/>
      </object_component>
      <object_component id="oc-1ff">
         <name>.text</name>
         <load_address>0x9b84</load_address>
         <run_address>0x9b84</run_address>
         <size>0x5c</size>
         <input_file_ref idref="fl-155"/>
      </object_component>
      <object_component id="oc-1c8">
         <name>.text</name>
         <load_address>0x9be0</load_address>
         <run_address>0x9be0</run_address>
         <size>0x5c</size>
         <input_file_ref idref="fl-157"/>
      </object_component>
      <object_component id="oc-f5">
         <name>.text</name>
         <load_address>0x9c3c</load_address>
         <run_address>0x9c3c</run_address>
         <size>0x58</size>
         <input_file_ref idref="fl-156"/>
      </object_component>
      <object_component id="oc-2d6">
         <name>.text</name>
         <load_address>0x9c94</load_address>
         <run_address>0x9c94</run_address>
         <size>0x58</size>
         <input_file_ref idref="fl-16c"/>
      </object_component>
      <object_component id="oc-109">
         <name>.text</name>
         <load_address>0x9cec</load_address>
         <run_address>0x9cec</run_address>
         <size>0x58</size>
         <input_file_ref idref="fl-15c"/>
      </object_component>
      <object_component id="oc-1b9">
         <name>.text</name>
         <load_address>0x9d44</load_address>
         <run_address>0x9d44</run_address>
         <size>0x54</size>
         <input_file_ref idref="fl-163"/>
      </object_component>
      <object_component id="oc-104">
         <name>.text</name>
         <load_address>0x9d98</load_address>
         <run_address>0x9d98</run_address>
         <size>0x4c</size>
         <input_file_ref idref="fl-15b"/>
      </object_component>
      <object_component id="oc-1ea">
         <name>.text</name>
         <load_address>0x9de4</load_address>
         <run_address>0x9de4</run_address>
         <size>0x4c</size>
         <input_file_ref idref="fl-15e"/>
      </object_component>
      <object_component id="oc-325">
         <name>.text</name>
         <load_address>0x9e30</load_address>
         <run_address>0x9e30</run_address>
         <size>0x4c</size>
         <input_file_ref idref="fl-16e"/>
      </object_component>
      <object_component id="oc-230">
         <name>.text</name>
         <load_address>0x9e7c</load_address>
         <run_address>0x9e7c</run_address>
         <size>0x44</size>
         <input_file_ref idref="fl-167"/>
      </object_component>
      <object_component id="oc-ea">
         <name>.text</name>
         <load_address>0x9ec0</load_address>
         <run_address>0x9ec0</run_address>
         <size>0x3c</size>
         <input_file_ref idref="fl-15d"/>
      </object_component>
      <object_component id="oc-1cd">
         <name>.text</name>
         <load_address>0x9efc</load_address>
         <run_address>0x9efc</run_address>
         <size>0x34</size>
         <input_file_ref idref="fl-164"/>
      </object_component>
      <object_component id="oc-255">
         <name>.text</name>
         <load_address>0x9f30</load_address>
         <run_address>0x9f30</run_address>
         <size>0x24</size>
         <input_file_ref idref="fl-16a"/>
      </object_component>
      <object_component id="oc-17">
         <name>.text:decompress:ZI</name>
         <load_address>0x9f54</load_address>
         <run_address>0x9f54</run_address>
         <size>0x20</size>
         <input_file_ref idref="fl-14d"/>
      </object_component>
      <object_component id="oc-11">
         <name>.text:decompress:none</name>
         <load_address>0x9f74</load_address>
         <run_address>0x9f74</run_address>
         <size>0x14</size>
         <input_file_ref idref="fl-14b"/>
      </object_component>
      <object_component id="oc-1d">
         <name>.text:decompress:rle24</name>
         <load_address>0x9f88</load_address>
         <run_address>0x9f88</run_address>
         <size>0x8</size>
         <input_file_ref idref="fl-14c"/>
      </object_component>
      <object_component id="oc-204">
         <name>.text</name>
         <load_address>0x9f90</load_address>
         <run_address>0x9f90</run_address>
         <size>0x8</size>
         <input_file_ref idref="fl-14e"/>
      </object_component>
      <object_component id="oc-1f9">
         <name>.text</name>
         <load_address>0x9f98</load_address>
         <run_address>0x9f98</run_address>
         <size>0x8</size>
         <input_file_ref idref="fl-161"/>
      </object_component>
      <object_component id="oc-31">
         <name>.text:retain</name>
         <load_address>0x9fa0</load_address>
         <run_address>0x9fa0</run_address>
         <size>0x4</size>
         <input_file_ref idref="fl-18"/>
      </object_component>
      <object_component id="oc-1d2">
         <name>.const:het1PROGRAM</name>
         <load_address>0x9fa8</load_address>
         <run_address>0x9fa8</run_address>
         <size>0x3a0</size>
         <input_file_ref idref="fl-c"/>
      </object_component>
      <object_component id="oc-29">
         <name>.const:s_vim_init</name>
         <load_address>0xa348</load_address>
         <run_address>0xa348</run_address>
         <size>0x180</size>
         <input_file_ref idref="fl-1c"/>
      </object_component>
      <object_component id="oc-317">
         <name>.const:c</name>
         <load_address>0xa4c8</load_address>
         <run_address>0xa4c8</run_address>
         <size>0x30</size>
         <input_file_ref idref="fl-168"/>
      </object_component>
      <object_component id="oc-314">
         <name>.const:s</name>
         <load_address>0xa4f8</load_address>
         <run_address>0xa4f8</run_address>
         <size>0x30</size>
         <input_file_ref idref="fl-168"/>
      </object_component>
      <object_component id="oc-1d5">
         <name>.const</name>
         <load_address>0xa528</load_address>
         <run_address>0xa528</run_address>
         <size>0x20</size>
         <input_file_ref idref="fl-c"/>
      </object_component>
      <object_component id="oc-1e6">
         <name>.const</name>
         <load_address>0xa548</load_address>
         <run_address>0xa548</run_address>
         <size>0x18</size>
         <input_file_ref idref="fl-4"/>
      </object_component>
      <object_component id="oc-39e">
         <name>.cinit..data.load</name>
         <load_address>0xa560</load_address>
         <run_address>0xa560</run_address>
         <size>0xad1</size>
      </object_component>
      <object_component id="oc-39b">
         <name>__TI_handler_table</name>
         <load_address>0xb034</load_address>
         <run_address>0xb034</run_address>
         <size>0xc</size>
      </object_component>
      <object_component id="oc-39d">
         <name>.cinit..bss.load</name>
         <load_address>0xb040</load_address>
         <run_address>0xb040</run_address>
         <size>0x8</size>
      </object_component>
      <object_component id="oc-39c">
         <name>__TI_cinit_table</name>
         <load_address>0xb048</load_address>
         <run_address>0xb048</run_address>
         <size>0x10</size>
      </object_component>
      <object_component id="oc-111">
         <name>.bss:imaginaryNumbers</name>
         <uninitialized>true</uninitialized>
         <run_address>0x8002c30</run_address>
         <size>0x258</size>
         <input_file_ref idref="fl-15"/>
      </object_component>
      <object_component id="oc-114">
         <name>.bss:realNumbers</name>
         <uninitialized>true</uninitialized>
         <run_address>0x8002e88</run_address>
         <size>0x258</size>
         <input_file_ref idref="fl-15"/>
      </object_component>
      <object_component id="oc-117">
         <name>.bss:MagdB</name>
         <uninitialized>true</uninitialized>
         <run_address>0x8002500</run_address>
         <size>0x410</size>
         <input_file_ref idref="fl-15"/>
      </object_component>
      <object_component id="oc-11a">
         <name>.bss:yfft</name>
         <uninitialized>true</uninitialized>
         <run_address>0x8002910</run_address>
         <size>0x320</size>
         <input_file_ref idref="fl-15"/>
      </object_component>
      <object_component id="oc-20f">
         <name>.bss:displayData</name>
         <uninitialized>true</uninitialized>
         <run_address>0x8001500</run_address>
         <size>0x1000</size>
         <input_file_ref idref="fl-3"/>
      </object_component>
      <object_component id="oc-10e">
         <name>.data</name>
         <load_address>0x8003e60</load_address>
         <run_address>0x8003e60</run_address>
         <size>0x8</size>
         <input_file_ref idref="fl-15"/>
      </object_component>
      <object_component id="oc-124">
         <name>.data</name>
         <load_address>0x8003e48</load_address>
         <run_address>0x8003e48</run_address>
         <size>0x8</size>
         <input_file_ref idref="fl-16a"/>
      </object_component>
      <object_component id="oc-127">
         <name>.data</name>
         <load_address>0x8003e50</load_address>
         <run_address>0x8003e50</run_address>
         <size>0x8</size>
         <input_file_ref idref="fl-150"/>
      </object_component>
      <object_component id="oc-212">
         <name>.data:FONT</name>
         <load_address>0x8003a70</load_address>
         <run_address>0x8003a70</run_address>
         <size>0xff</size>
         <input_file_ref idref="fl-3"/>
      </object_component>
      <object_component id="oc-215">
         <name>.data:FONT2</name>
         <load_address>0x8003b6f</load_address>
         <run_address>0x8003b6f</run_address>
         <size>0xdc</size>
         <input_file_ref idref="fl-3"/>
      </object_component>
      <object_component id="oc-21a">
         <name>.data:gst_spectrum_Sinewave</name>
         <load_address>0x80030e0</load_address>
         <run_address>0x80030e0</run_address>
         <size>0x800</size>
         <input_file_ref idref="fl-2"/>
      </object_component>
      <object_component id="oc-21d">
         <name>.data:loud2$1</name>
         <load_address>0x80038e0</load_address>
         <run_address>0x80038e0</run_address>
         <size>0x190</size>
         <input_file_ref idref="fl-2"/>
      </object_component>
      <object_component id="oc-21e">
         <name>.data:gst_spectrum_Loudampl</name>
         <load_address>0x8003c4c</load_address>
         <run_address>0x8003c4c</run_address>
         <size>0xc8</size>
         <input_file_ref idref="fl-2"/>
      </object_component>
      <object_component id="oc-236">
         <name>.data</name>
         <load_address>0x8003dc8</load_address>
         <run_address>0x8003dc8</run_address>
         <size>0x80</size>
         <input_file_ref idref="fl-169"/>
      </object_component>
      <object_component id="oc-2dc">
         <name>.data</name>
         <load_address>0x8003dc4</load_address>
         <run_address>0x8003dc4</run_address>
         <size>0x4</size>
         <input_file_ref idref="fl-16b"/>
      </object_component>
      <object_component id="oc-32b">
         <name>.data</name>
         <load_address>0x8003e58</load_address>
         <run_address>0x8003e58</run_address>
         <size>0x8</size>
         <input_file_ref idref="fl-16c"/>
      </object_component>
      <object_component id="oc-370">
         <name>.data:sigtable</name>
         <load_address>0x8003d14</load_address>
         <run_address>0x8003d14</run_address>
         <size>0xb0</size>
         <input_file_ref idref="fl-16f"/>
      </object_component>
      <object_component id="oc-c">
         <name>.debug_line</name>
         <load_address>0x0</load_address>
         <run_address>0x0</run_address>
         <size>0xdf</size>
         <input_file_ref idref="fl-1b"/>
      </object_component>
      <object_component id="oc-12">
         <name>.debug_line</name>
         <load_address>0xdf</load_address>
         <run_address>0xdf</run_address>
         <size>0x55</size>
         <input_file_ref idref="fl-14b"/>
      </object_component>
      <object_component id="oc-1b">
         <name>.debug_line</name>
         <load_address>0x134</load_address>
         <run_address>0x134</run_address>
         <size>0x49</size>
         <input_file_ref idref="fl-14d"/>
      </object_component>
      <object_component id="oc-21">
         <name>.debug_line</name>
         <load_address>0x17d</load_address>
         <run_address>0x17d</run_address>
         <size>0x4b</size>
         <input_file_ref idref="fl-14c"/>
      </object_component>
      <object_component id="oc-27">
         <name>.debug_line</name>
         <load_address>0x1c8</load_address>
         <run_address>0x1c8</run_address>
         <size>0x79</size>
         <input_file_ref idref="fl-a"/>
      </object_component>
      <object_component id="oc-2d">
         <name>.debug_line</name>
         <load_address>0x241</load_address>
         <run_address>0x241</run_address>
         <size>0x4f</size>
         <input_file_ref idref="fl-14"/>
      </object_component>
      <object_component id="oc-35">
         <name>.debug_line</name>
         <load_address>0x290</load_address>
         <run_address>0x290</run_address>
         <size>0x4b</size>
         <input_file_ref idref="fl-18"/>
      </object_component>
      <object_component id="oc-3f">
         <name>.debug_line</name>
         <load_address>0x2db</load_address>
         <run_address>0x2db</run_address>
         <size>0x189</size>
         <input_file_ref idref="fl-1c"/>
      </object_component>
      <object_component id="oc-41">
         <name>.debug_line</name>
         <load_address>0x464</load_address>
         <run_address>0x464</run_address>
         <size>0xa6</size>
         <input_file_ref idref="fl-1c"/>
      </object_component>
      <object_component id="oc-44">
         <name>.debug_line</name>
         <load_address>0x50a</load_address>
         <run_address>0x50a</run_address>
         <size>0x2c1</size>
         <input_file_ref idref="fl-13"/>
      </object_component>
      <object_component id="oc-4c">
         <name>.debug_line</name>
         <load_address>0x7cb</load_address>
         <run_address>0x7cb</run_address>
         <size>0x235</size>
         <input_file_ref idref="fl-1d"/>
      </object_component>
      <object_component id="oc-52">
         <name>.debug_line</name>
         <load_address>0xa00</load_address>
         <run_address>0xa00</run_address>
         <size>0xed2</size>
         <input_file_ref idref="fl-1a"/>
      </object_component>
      <object_component id="oc-59">
         <name>.debug_line</name>
         <load_address>0x18d2</load_address>
         <run_address>0x18d2</run_address>
         <size>0x285</size>
         <input_file_ref idref="fl-a"/>
      </object_component>
      <object_component id="oc-5b">
         <name>.debug_line</name>
         <load_address>0x1b57</load_address>
         <run_address>0x1b57</run_address>
         <size>0x7d</size>
         <input_file_ref idref="fl-14a"/>
      </object_component>
      <object_component id="oc-63">
         <name>.debug_line</name>
         <load_address>0x1bd4</load_address>
         <run_address>0x1bd4</run_address>
         <size>0x13e</size>
         <input_file_ref idref="fl-15"/>
      </object_component>
      <object_component id="oc-69">
         <name>.debug_line</name>
         <load_address>0x1d12</load_address>
         <run_address>0x1d12</run_address>
         <size>0x80</size>
         <input_file_ref idref="fl-150"/>
      </object_component>
      <object_component id="oc-70">
         <name>.debug_line</name>
         <load_address>0x1d92</load_address>
         <run_address>0x1d92</run_address>
         <size>0x9a</size>
         <input_file_ref idref="fl-15f"/>
      </object_component>
      <object_component id="oc-75">
         <name>.debug_line</name>
         <load_address>0x1e2c</load_address>
         <run_address>0x1e2c</run_address>
         <size>0x3a</size>
         <input_file_ref idref="fl-14b"/>
      </object_component>
      <object_component id="oc-7c">
         <name>.debug_line</name>
         <load_address>0x1e66</load_address>
         <run_address>0x1e66</run_address>
         <size>0x34</size>
         <input_file_ref idref="fl-14d"/>
      </object_component>
      <object_component id="oc-83">
         <name>.debug_line</name>
         <load_address>0x1e9a</load_address>
         <run_address>0x1e9a</run_address>
         <size>0x9d</size>
         <input_file_ref idref="fl-14c"/>
      </object_component>
      <object_component id="oc-8a">
         <name>.debug_line</name>
         <load_address>0x1f37</load_address>
         <run_address>0x1f37</run_address>
         <size>0x39</size>
         <input_file_ref idref="fl-14c"/>
      </object_component>
      <object_component id="oc-90">
         <name>.debug_line</name>
         <load_address>0x1f70</load_address>
         <run_address>0x1f70</run_address>
         <size>0x21d</size>
         <input_file_ref idref="fl-f"/>
      </object_component>
      <object_component id="oc-96">
         <name>.debug_line</name>
         <load_address>0x218d</load_address>
         <run_address>0x218d</run_address>
         <size>0x50</size>
         <input_file_ref idref="fl-3"/>
      </object_component>
      <object_component id="oc-99">
         <name>.debug_line</name>
         <load_address>0x21dd</load_address>
         <run_address>0x21dd</run_address>
         <size>0x37</size>
         <input_file_ref idref="fl-1c"/>
      </object_component>
      <object_component id="oc-9c">
         <name>.debug_line</name>
         <load_address>0x2214</load_address>
         <run_address>0x2214</run_address>
         <size>0x78</size>
         <input_file_ref idref="fl-7"/>
      </object_component>
      <object_component id="oc-a7">
         <name>.debug_line</name>
         <load_address>0x228c</load_address>
         <run_address>0x228c</run_address>
         <size>0x4b</size>
         <input_file_ref idref="fl-4"/>
      </object_component>
      <object_component id="oc-ac">
         <name>.debug_line</name>
         <load_address>0x22d7</load_address>
         <run_address>0x22d7</run_address>
         <size>0x4e</size>
         <input_file_ref idref="fl-3"/>
      </object_component>
      <object_component id="oc-b3">
         <name>.debug_line</name>
         <load_address>0x2325</load_address>
         <run_address>0x2325</run_address>
         <size>0x81</size>
         <input_file_ref idref="fl-10"/>
      </object_component>
      <object_component id="oc-b9">
         <name>.debug_line</name>
         <load_address>0x23a6</load_address>
         <run_address>0x23a6</run_address>
         <size>0x132</size>
         <input_file_ref idref="fl-19"/>
      </object_component>
      <object_component id="oc-c2">
         <name>.debug_line</name>
         <load_address>0x24d8</load_address>
         <run_address>0x24d8</run_address>
         <size>0x47</size>
         <input_file_ref idref="fl-a"/>
      </object_component>
      <object_component id="oc-c7">
         <name>.debug_line</name>
         <load_address>0x251f</load_address>
         <run_address>0x251f</run_address>
         <size>0x66</size>
         <input_file_ref idref="fl-14f"/>
      </object_component>
      <object_component id="oc-d0">
         <name>.debug_line</name>
         <load_address>0x2585</load_address>
         <run_address>0x2585</run_address>
         <size>0x2a4</size>
         <input_file_ref idref="fl-c"/>
      </object_component>
      <object_component id="oc-d3">
         <name>.debug_line</name>
         <load_address>0x2829</load_address>
         <run_address>0x2829</run_address>
         <size>0x17f</size>
         <input_file_ref idref="fl-b"/>
      </object_component>
      <object_component id="oc-dd">
         <name>.debug_line</name>
         <load_address>0x29a8</load_address>
         <run_address>0x29a8</run_address>
         <size>0x2cc</size>
         <input_file_ref idref="fl-4"/>
      </object_component>
      <object_component id="oc-e2">
         <name>.debug_line</name>
         <load_address>0x2c74</load_address>
         <run_address>0x2c74</run_address>
         <size>0x404</size>
         <input_file_ref idref="fl-3"/>
      </object_component>
      <object_component id="oc-e8">
         <name>.debug_line</name>
         <load_address>0x3078</load_address>
         <run_address>0x3078</run_address>
         <size>0x2bf</size>
         <input_file_ref idref="fl-2"/>
      </object_component>
      <object_component id="oc-ec">
         <name>.debug_line</name>
         <load_address>0x3337</load_address>
         <run_address>0x3337</run_address>
         <size>0x49</size>
         <input_file_ref idref="fl-15d"/>
      </object_component>
      <object_component id="oc-f4">
         <name>.debug_line</name>
         <load_address>0x3380</load_address>
         <run_address>0x3380</run_address>
         <size>0x8c</size>
         <input_file_ref idref="fl-162"/>
      </object_component>
      <object_component id="oc-f6">
         <name>.debug_line</name>
         <load_address>0x340c</load_address>
         <run_address>0x340c</run_address>
         <size>0x53</size>
         <input_file_ref idref="fl-156"/>
      </object_component>
      <object_component id="oc-fe">
         <name>.debug_line</name>
         <load_address>0x345f</load_address>
         <run_address>0x345f</run_address>
         <size>0x55</size>
         <input_file_ref idref="fl-15a"/>
      </object_component>
      <object_component id="oc-100">
         <name>.debug_line</name>
         <load_address>0x34b4</load_address>
         <run_address>0x34b4</run_address>
         <size>0x75</size>
         <input_file_ref idref="fl-152"/>
      </object_component>
      <object_component id="oc-105">
         <name>.debug_line</name>
         <load_address>0x3529</load_address>
         <run_address>0x3529</run_address>
         <size>0x4d</size>
         <input_file_ref idref="fl-15b"/>
      </object_component>
      <object_component id="oc-10d">
         <name>.debug_line</name>
         <load_address>0x3576</load_address>
         <run_address>0x3576</run_address>
         <size>0x63</size>
         <input_file_ref idref="fl-15c"/>
      </object_component>
      <object_component id="oc-121">
         <name>.debug_line</name>
         <load_address>0x35d9</load_address>
         <run_address>0x35d9</run_address>
         <size>0x20</size>
         <input_file_ref idref="fl-2"/>
      </object_component>
      <object_component id="oc-131">
         <name>.debug_line</name>
         <load_address>0x35f9</load_address>
         <run_address>0x35f9</run_address>
         <size>0x5a</size>
         <input_file_ref idref="fl-14b"/>
      </object_component>
      <object_component id="oc-134">
         <name>.debug_line</name>
         <load_address>0x3653</load_address>
         <run_address>0x3653</run_address>
         <size>0x20</size>
         <input_file_ref idref="fl-14b"/>
      </object_component>
      <object_component id="oc-138">
         <name>.debug_line</name>
         <load_address>0x3673</load_address>
         <run_address>0x3673</run_address>
         <size>0x59</size>
         <input_file_ref idref="fl-3"/>
      </object_component>
      <object_component id="oc-13b">
         <name>.debug_line</name>
         <load_address>0x36cc</load_address>
         <run_address>0x36cc</run_address>
         <size>0x20</size>
         <input_file_ref idref="fl-14d"/>
      </object_component>
      <object_component id="oc-13e">
         <name>.debug_line</name>
         <load_address>0x36ec</load_address>
         <run_address>0x36ec</run_address>
         <size>0x20</size>
         <input_file_ref idref="fl-14c"/>
      </object_component>
      <object_component id="oc-144">
         <name>.debug_line</name>
         <load_address>0x370c</load_address>
         <run_address>0x370c</run_address>
         <size>0x59</size>
         <input_file_ref idref="fl-3"/>
      </object_component>
      <object_component id="oc-149">
         <name>.debug_line</name>
         <load_address>0x3765</load_address>
         <run_address>0x3765</run_address>
         <size>0x5a</size>
         <input_file_ref idref="fl-3"/>
      </object_component>
      <object_component id="oc-14c">
         <name>.debug_line</name>
         <load_address>0x37bf</load_address>
         <run_address>0x37bf</run_address>
         <size>0x72</size>
         <input_file_ref idref="fl-1c"/>
      </object_component>
      <object_component id="oc-150">
         <name>.debug_line</name>
         <load_address>0x3831</load_address>
         <run_address>0x3831</run_address>
         <size>0x4b</size>
         <input_file_ref idref="fl-a"/>
      </object_component>
      <object_component id="oc-155">
         <name>.debug_line</name>
         <load_address>0x387c</load_address>
         <run_address>0x387c</run_address>
         <size>0x4d</size>
         <input_file_ref idref="fl-f"/>
      </object_component>
      <object_component id="oc-15a">
         <name>.debug_line</name>
         <load_address>0x38c9</load_address>
         <run_address>0x38c9</run_address>
         <size>0x4b</size>
         <input_file_ref idref="fl-3"/>
      </object_component>
      <object_component id="oc-15f">
         <name>.debug_line</name>
         <load_address>0x3914</load_address>
         <run_address>0x3914</run_address>
         <size>0x4e</size>
         <input_file_ref idref="fl-f"/>
      </object_component>
      <object_component id="oc-164">
         <name>.debug_line</name>
         <load_address>0x3962</load_address>
         <run_address>0x3962</run_address>
         <size>0x4d</size>
         <input_file_ref idref="fl-f"/>
      </object_component>
      <object_component id="oc-169">
         <name>.debug_line</name>
         <load_address>0x39af</load_address>
         <run_address>0x39af</run_address>
         <size>0x4b</size>
         <input_file_ref idref="fl-4"/>
      </object_component>
      <object_component id="oc-16e">
         <name>.debug_line</name>
         <load_address>0x39fa</load_address>
         <run_address>0x39fa</run_address>
         <size>0x37</size>
         <input_file_ref idref="fl-1c"/>
      </object_component>
      <object_component id="oc-175">
         <name>.debug_line</name>
         <load_address>0x3a31</load_address>
         <run_address>0x3a31</run_address>
         <size>0xa6</size>
         <input_file_ref idref="fl-1d"/>
      </object_component>
      <object_component id="oc-179">
         <name>.debug_line</name>
         <load_address>0x3ad7</load_address>
         <run_address>0x3ad7</run_address>
         <size>0x4b</size>
         <input_file_ref idref="fl-4"/>
      </object_component>
      <object_component id="oc-17e">
         <name>.debug_line</name>
         <load_address>0x3b22</load_address>
         <run_address>0x3b22</run_address>
         <size>0x4e</size>
         <input_file_ref idref="fl-e"/>
      </object_component>
      <object_component id="oc-183">
         <name>.debug_line</name>
         <load_address>0x3b70</load_address>
         <run_address>0x3b70</run_address>
         <size>0x4b</size>
         <input_file_ref idref="fl-f"/>
      </object_component>
      <object_component id="oc-188">
         <name>.debug_line</name>
         <load_address>0x3bbb</load_address>
         <run_address>0x3bbb</run_address>
         <size>0x4b</size>
         <input_file_ref idref="fl-5"/>
      </object_component>
      <object_component id="oc-18d">
         <name>.debug_line</name>
         <load_address>0x3c06</load_address>
         <run_address>0x3c06</run_address>
         <size>0x4b</size>
         <input_file_ref idref="fl-f"/>
      </object_component>
      <object_component id="oc-192">
         <name>.debug_line</name>
         <load_address>0x3c51</load_address>
         <run_address>0x3c51</run_address>
         <size>0x4b</size>
         <input_file_ref idref="fl-3"/>
      </object_component>
      <object_component id="oc-197">
         <name>.debug_line</name>
         <load_address>0x3c9c</load_address>
         <run_address>0x3c9c</run_address>
         <size>0x4e</size>
         <input_file_ref idref="fl-10"/>
      </object_component>
      <object_component id="oc-19c">
         <name>.debug_line</name>
         <load_address>0x3cea</load_address>
         <run_address>0x3cea</run_address>
         <size>0x4d</size>
         <input_file_ref idref="fl-f"/>
      </object_component>
      <object_component id="oc-1a1">
         <name>.debug_line</name>
         <load_address>0x3d37</load_address>
         <run_address>0x3d37</run_address>
         <size>0x4b</size>
         <input_file_ref idref="fl-17"/>
      </object_component>
      <object_component id="oc-1a6">
         <name>.debug_line</name>
         <load_address>0x3d82</load_address>
         <run_address>0x3d82</run_address>
         <size>0x4a</size>
         <input_file_ref idref="fl-f"/>
      </object_component>
      <object_component id="oc-1ab">
         <name>.debug_line</name>
         <load_address>0x3dcc</load_address>
         <run_address>0x3dcc</run_address>
         <size>0x4b</size>
         <input_file_ref idref="fl-f"/>
      </object_component>
      <object_component id="oc-1af">
         <name>.debug_line</name>
         <load_address>0x3e17</load_address>
         <run_address>0x3e17</run_address>
         <size>0xa7</size>
         <input_file_ref idref="fl-1a"/>
      </object_component>
      <object_component id="oc-1b3">
         <name>.debug_line</name>
         <load_address>0x3ebe</load_address>
         <run_address>0x3ebe</run_address>
         <size>0x50</size>
         <input_file_ref idref="fl-f"/>
      </object_component>
      <object_component id="oc-1b6">
         <name>.debug_line</name>
         <load_address>0x3f0e</load_address>
         <run_address>0x3f0e</run_address>
         <size>0x47</size>
         <input_file_ref idref="fl-a"/>
      </object_component>
      <object_component id="oc-1bd">
         <name>.debug_line</name>
         <load_address>0x3f55</load_address>
         <run_address>0x3f55</run_address>
         <size>0x62</size>
         <input_file_ref idref="fl-163"/>
      </object_component>
      <object_component id="oc-1c2">
         <name>.debug_line</name>
         <load_address>0x3fb7</load_address>
         <run_address>0x3fb7</run_address>
         <size>0x87</size>
         <input_file_ref idref="fl-154"/>
      </object_component>
      <object_component id="oc-1c7">
         <name>.debug_line</name>
         <load_address>0x403e</load_address>
         <run_address>0x403e</run_address>
         <size>0xa1</size>
         <input_file_ref idref="fl-153"/>
      </object_component>
      <object_component id="oc-1c9">
         <name>.debug_line</name>
         <load_address>0x40df</load_address>
         <run_address>0x40df</run_address>
         <size>0x51</size>
         <input_file_ref idref="fl-157"/>
      </object_component>
      <object_component id="oc-1ce">
         <name>.debug_line</name>
         <load_address>0x4130</load_address>
         <run_address>0x4130</run_address>
         <size>0x47</size>
         <input_file_ref idref="fl-164"/>
      </object_component>
      <object_component id="oc-1dd">
         <name>.debug_line</name>
         <load_address>0x4177</load_address>
         <run_address>0x4177</run_address>
         <size>0x47</size>
         <input_file_ref idref="fl-3"/>
      </object_component>
      <object_component id="oc-1e2">
         <name>.debug_line</name>
         <load_address>0x41be</load_address>
         <run_address>0x41be</run_address>
         <size>0x73</size>
         <input_file_ref idref="fl-160"/>
      </object_component>
      <object_component id="oc-1ee">
         <name>.debug_line</name>
         <load_address>0x4231</load_address>
         <run_address>0x4231</run_address>
         <size>0x4d</size>
         <input_file_ref idref="fl-15e"/>
      </object_component>
      <object_component id="oc-1f0">
         <name>.debug_line</name>
         <load_address>0x427e</load_address>
         <run_address>0x427e</run_address>
         <size>0x5f</size>
         <input_file_ref idref="fl-158"/>
      </object_component>
      <object_component id="oc-1f8">
         <name>.debug_line</name>
         <load_address>0x42dd</load_address>
         <run_address>0x42dd</run_address>
         <size>0x64</size>
         <input_file_ref idref="fl-159"/>
      </object_component>
      <object_component id="oc-1fc">
         <name>.debug_line</name>
         <load_address>0x4341</load_address>
         <run_address>0x4341</run_address>
         <size>0x3b</size>
         <input_file_ref idref="fl-161"/>
      </object_component>
      <object_component id="oc-203">
         <name>.debug_line</name>
         <load_address>0x437c</load_address>
         <run_address>0x437c</run_address>
         <size>0x51</size>
         <input_file_ref idref="fl-155"/>
      </object_component>
      <object_component id="oc-205">
         <name>.debug_line</name>
         <load_address>0x43cd</load_address>
         <run_address>0x43cd</run_address>
         <size>0x3b</size>
         <input_file_ref idref="fl-14e"/>
      </object_component>
      <object_component id="oc-20e">
         <name>.debug_line</name>
         <load_address>0x4408</load_address>
         <run_address>0x4408</run_address>
         <size>0xc2</size>
         <input_file_ref idref="fl-151"/>
      </object_component>
      <object_component id="oc-226">
         <name>.debug_line</name>
         <load_address>0x44ca</load_address>
         <run_address>0x44ca</run_address>
         <size>0x65</size>
         <input_file_ref idref="fl-166"/>
      </object_component>
      <object_component id="oc-22f">
         <name>.debug_line</name>
         <load_address>0x452f</load_address>
         <run_address>0x452f</run_address>
         <size>0xd0</size>
         <input_file_ref idref="fl-165"/>
      </object_component>
      <object_component id="oc-232">
         <name>.debug_line</name>
         <load_address>0x45ff</load_address>
         <run_address>0x45ff</run_address>
         <size>0x54</size>
         <input_file_ref idref="fl-167"/>
      </object_component>
      <object_component id="oc-240">
         <name>.debug_line</name>
         <load_address>0x4653</load_address>
         <run_address>0x4653</run_address>
         <size>0x38</size>
         <input_file_ref idref="fl-15"/>
      </object_component>
      <object_component id="oc-242">
         <name>.debug_line</name>
         <load_address>0x468b</load_address>
         <run_address>0x468b</run_address>
         <size>0x38</size>
         <input_file_ref idref="fl-15"/>
      </object_component>
      <object_component id="oc-244">
         <name>.debug_line</name>
         <load_address>0x46c3</load_address>
         <run_address>0x46c3</run_address>
         <size>0x38</size>
         <input_file_ref idref="fl-15"/>
      </object_component>
      <object_component id="oc-246">
         <name>.debug_line</name>
         <load_address>0x46fb</load_address>
         <run_address>0x46fb</run_address>
         <size>0x38</size>
         <input_file_ref idref="fl-15"/>
      </object_component>
      <object_component id="oc-248">
         <name>.debug_line</name>
         <load_address>0x4733</load_address>
         <run_address>0x4733</run_address>
         <size>0x38</size>
         <input_file_ref idref="fl-15"/>
      </object_component>
      <object_component id="oc-24a">
         <name>.debug_line</name>
         <load_address>0x476b</load_address>
         <run_address>0x476b</run_address>
         <size>0x11b</size>
         <input_file_ref idref="fl-15"/>
      </object_component>
      <object_component id="oc-24e">
         <name>.debug_line</name>
         <load_address>0x4886</load_address>
         <run_address>0x4886</run_address>
         <size>0x47</size>
         <input_file_ref idref="fl-4"/>
      </object_component>
      <object_component id="oc-253">
         <name>.debug_line</name>
         <load_address>0x48cd</load_address>
         <run_address>0x48cd</run_address>
         <size>0x4b</size>
         <input_file_ref idref="fl-8"/>
      </object_component>
      <object_component id="oc-25a">
         <name>.debug_line</name>
         <load_address>0x4918</load_address>
         <run_address>0x4918</run_address>
         <size>0x64</size>
         <input_file_ref idref="fl-16a"/>
      </object_component>
      <object_component id="oc-25c">
         <name>.debug_line</name>
         <load_address>0x497c</load_address>
         <run_address>0x497c</run_address>
         <size>0x2b</size>
         <input_file_ref idref="fl-16a"/>
      </object_component>
      <object_component id="oc-260">
         <name>.debug_line</name>
         <load_address>0x49a7</load_address>
         <run_address>0x49a7</run_address>
         <size>0x2a</size>
         <input_file_ref idref="fl-150"/>
      </object_component>
      <object_component id="oc-262">
         <name>.debug_line</name>
         <load_address>0x49d1</load_address>
         <run_address>0x49d1</run_address>
         <size>0x59</size>
         <input_file_ref idref="fl-150"/>
      </object_component>
      <object_component id="oc-264">
         <name>.debug_line</name>
         <load_address>0x4a2a</load_address>
         <run_address>0x4a2a</run_address>
         <size>0x20</size>
         <input_file_ref idref="fl-f"/>
      </object_component>
      <object_component id="oc-268">
         <name>.debug_line</name>
         <load_address>0x4a4a</load_address>
         <run_address>0x4a4a</run_address>
         <size>0x4b</size>
         <input_file_ref idref="fl-f"/>
      </object_component>
      <object_component id="oc-26d">
         <name>.debug_line</name>
         <load_address>0x4a95</load_address>
         <run_address>0x4a95</run_address>
         <size>0x4b</size>
         <input_file_ref idref="fl-6"/>
      </object_component>
      <object_component id="oc-272">
         <name>.debug_line</name>
         <load_address>0x4ae0</load_address>
         <run_address>0x4ae0</run_address>
         <size>0x4c</size>
         <input_file_ref idref="fl-9"/>
      </object_component>
      <object_component id="oc-277">
         <name>.debug_line</name>
         <load_address>0x4b2c</load_address>
         <run_address>0x4b2c</run_address>
         <size>0x4b</size>
         <input_file_ref idref="fl-d"/>
      </object_component>
      <object_component id="oc-27c">
         <name>.debug_line</name>
         <load_address>0x4b77</load_address>
         <run_address>0x4b77</run_address>
         <size>0x4b</size>
         <input_file_ref idref="fl-f"/>
      </object_component>
      <object_component id="oc-281">
         <name>.debug_line</name>
         <load_address>0x4bc2</load_address>
         <run_address>0x4bc2</run_address>
         <size>0x4b</size>
         <input_file_ref idref="fl-f"/>
      </object_component>
      <object_component id="oc-284">
         <name>.debug_line</name>
         <load_address>0x4c0d</load_address>
         <run_address>0x4c0d</run_address>
         <size>0x20</size>
         <input_file_ref idref="fl-4"/>
      </object_component>
      <object_component id="oc-286">
         <name>.debug_line</name>
         <load_address>0x4c2d</load_address>
         <run_address>0x4c2d</run_address>
         <size>0x20</size>
         <input_file_ref idref="fl-10"/>
      </object_component>
      <object_component id="oc-28a">
         <name>.debug_line</name>
         <load_address>0x4c4d</load_address>
         <run_address>0x4c4d</run_address>
         <size>0x4a</size>
         <input_file_ref idref="fl-10"/>
      </object_component>
      <object_component id="oc-290">
         <name>.debug_line</name>
         <load_address>0x4c97</load_address>
         <run_address>0x4c97</run_address>
         <size>0x67</size>
         <input_file_ref idref="fl-14f"/>
      </object_component>
      <object_component id="oc-294">
         <name>.debug_line</name>
         <load_address>0x4cfe</load_address>
         <run_address>0x4cfe</run_address>
         <size>0x5b</size>
         <input_file_ref idref="fl-14f"/>
      </object_component>
      <object_component id="oc-29c">
         <name>.debug_line</name>
         <load_address>0x4d59</load_address>
         <run_address>0x4d59</run_address>
         <size>0x33</size>
         <input_file_ref idref="fl-c"/>
      </object_component>
      <object_component id="oc-29e">
         <name>.debug_line</name>
         <load_address>0x4d8c</load_address>
         <run_address>0x4d8c</run_address>
         <size>0x33</size>
         <input_file_ref idref="fl-c"/>
      </object_component>
      <object_component id="oc-2a0">
         <name>.debug_line</name>
         <load_address>0x4dbf</load_address>
         <run_address>0x4dbf</run_address>
         <size>0x59</size>
         <input_file_ref idref="fl-c"/>
      </object_component>
      <object_component id="oc-2a2">
         <name>.debug_line</name>
         <load_address>0x4e18</load_address>
         <run_address>0x4e18</run_address>
         <size>0x20</size>
         <input_file_ref idref="fl-b"/>
      </object_component>
      <object_component id="oc-2a6">
         <name>.debug_line</name>
         <load_address>0x4e38</load_address>
         <run_address>0x4e38</run_address>
         <size>0x47</size>
         <input_file_ref idref="fl-3"/>
      </object_component>
      <object_component id="oc-2aa">
         <name>.debug_line</name>
         <load_address>0x4e7f</load_address>
         <run_address>0x4e7f</run_address>
         <size>0x33</size>
         <input_file_ref idref="fl-4"/>
      </object_component>
      <object_component id="oc-2b3">
         <name>.debug_line</name>
         <load_address>0x4eb2</load_address>
         <run_address>0x4eb2</run_address>
         <size>0x8c</size>
         <input_file_ref idref="fl-168"/>
      </object_component>
      <object_component id="oc-2bb">
         <name>.debug_line</name>
         <load_address>0x4f3e</load_address>
         <run_address>0x4f3e</run_address>
         <size>0x34</size>
         <input_file_ref idref="fl-3"/>
      </object_component>
      <object_component id="oc-2be">
         <name>.debug_line</name>
         <load_address>0x4f72</load_address>
         <run_address>0x4f72</run_address>
         <size>0x34</size>
         <input_file_ref idref="fl-3"/>
      </object_component>
      <object_component id="oc-2c1">
         <name>.debug_line</name>
         <load_address>0x4fa6</load_address>
         <run_address>0x4fa6</run_address>
         <size>0x34</size>
         <input_file_ref idref="fl-3"/>
      </object_component>
      <object_component id="oc-2c3">
         <name>.debug_line</name>
         <load_address>0x4fda</load_address>
         <run_address>0x4fda</run_address>
         <size>0x34</size>
         <input_file_ref idref="fl-3"/>
      </object_component>
      <object_component id="oc-2c5">
         <name>.debug_line</name>
         <load_address>0x500e</load_address>
         <run_address>0x500e</run_address>
         <size>0xb7</size>
         <input_file_ref idref="fl-3"/>
      </object_component>
      <object_component id="oc-2c7">
         <name>.debug_line</name>
         <load_address>0x50c5</load_address>
         <run_address>0x50c5</run_address>
         <size>0x33</size>
         <input_file_ref idref="fl-2"/>
      </object_component>
      <object_component id="oc-2c9">
         <name>.debug_line</name>
         <load_address>0x50f8</load_address>
         <run_address>0x50f8</run_address>
         <size>0x33</size>
         <input_file_ref idref="fl-2"/>
      </object_component>
      <object_component id="oc-2cb">
         <name>.debug_line</name>
         <load_address>0x512b</load_address>
         <run_address>0x512b</run_address>
         <size>0x20</size>
         <input_file_ref idref="fl-2"/>
      </object_component>
      <object_component id="oc-2d0">
         <name>.debug_line</name>
         <load_address>0x514b</load_address>
         <run_address>0x514b</run_address>
         <size>0x94</size>
         <input_file_ref idref="fl-170"/>
      </object_component>
      <object_component id="oc-2d7">
         <name>.debug_line</name>
         <load_address>0x51df</load_address>
         <run_address>0x51df</run_address>
         <size>0x5a</size>
         <input_file_ref idref="fl-16c"/>
      </object_component>
      <object_component id="oc-2e1">
         <name>.debug_line</name>
         <load_address>0x5239</load_address>
         <run_address>0x5239</run_address>
         <size>0x2d</size>
         <input_file_ref idref="fl-169"/>
      </object_component>
      <object_component id="oc-2e5">
         <name>.debug_line</name>
         <load_address>0x5266</load_address>
         <run_address>0x5266</run_address>
         <size>0x58</size>
         <input_file_ref idref="fl-3"/>
      </object_component>
      <object_component id="oc-2ea">
         <name>.debug_line</name>
         <load_address>0x52be</load_address>
         <run_address>0x52be</run_address>
         <size>0x20</size>
         <input_file_ref idref="fl-16a"/>
      </object_component>
      <object_component id="oc-2ef">
         <name>.debug_line</name>
         <load_address>0x52de</load_address>
         <run_address>0x52de</run_address>
         <size>0x20</size>
         <input_file_ref idref="fl-e"/>
      </object_component>
      <object_component id="oc-2f3">
         <name>.debug_line</name>
         <load_address>0x52fe</load_address>
         <run_address>0x52fe</run_address>
         <size>0x4a</size>
         <input_file_ref idref="fl-e"/>
      </object_component>
      <object_component id="oc-2f6">
         <name>.debug_line</name>
         <load_address>0x5348</load_address>
         <run_address>0x5348</run_address>
         <size>0x20</size>
         <input_file_ref idref="fl-5"/>
      </object_component>
      <object_component id="oc-2fa">
         <name>.debug_line</name>
         <load_address>0x5368</load_address>
         <run_address>0x5368</run_address>
         <size>0x47</size>
         <input_file_ref idref="fl-5"/>
      </object_component>
      <object_component id="oc-2fd">
         <name>.debug_line</name>
         <load_address>0x53af</load_address>
         <run_address>0x53af</run_address>
         <size>0x20</size>
         <input_file_ref idref="fl-17"/>
      </object_component>
      <object_component id="oc-301">
         <name>.debug_line</name>
         <load_address>0x53cf</load_address>
         <run_address>0x53cf</run_address>
         <size>0x4b</size>
         <input_file_ref idref="fl-17"/>
      </object_component>
      <object_component id="oc-307">
         <name>.debug_line</name>
         <load_address>0x541a</load_address>
         <run_address>0x541a</run_address>
         <size>0x46</size>
         <input_file_ref idref="fl-171"/>
      </object_component>
      <object_component id="oc-30d">
         <name>.debug_line</name>
         <load_address>0x5460</load_address>
         <run_address>0x5460</run_address>
         <size>0x75</size>
         <input_file_ref idref="fl-152"/>
      </object_component>
      <object_component id="oc-30f">
         <name>.debug_line</name>
         <load_address>0x54d5</load_address>
         <run_address>0x54d5</run_address>
         <size>0xf5</size>
         <input_file_ref idref="fl-16d"/>
      </object_component>
      <object_component id="oc-31c">
         <name>.debug_line</name>
         <load_address>0x55ca</load_address>
         <run_address>0x55ca</run_address>
         <size>0x59</size>
         <input_file_ref idref="fl-161"/>
      </object_component>
      <object_component id="oc-31e">
         <name>.debug_line</name>
         <load_address>0x5623</load_address>
         <run_address>0x5623</run_address>
         <size>0x59</size>
         <input_file_ref idref="fl-14e"/>
      </object_component>
      <object_component id="oc-322">
         <name>.debug_line</name>
         <load_address>0x567c</load_address>
         <run_address>0x567c</run_address>
         <size>0x2b</size>
         <input_file_ref idref="fl-166"/>
      </object_component>
      <object_component id="oc-324">
         <name>.debug_line</name>
         <load_address>0x56a7</load_address>
         <run_address>0x56a7</run_address>
         <size>0x64</size>
         <input_file_ref idref="fl-165"/>
      </object_component>
      <object_component id="oc-329">
         <name>.debug_line</name>
         <load_address>0x570b</load_address>
         <run_address>0x570b</run_address>
         <size>0x53</size>
         <input_file_ref idref="fl-16e"/>
      </object_component>
      <object_component id="oc-330">
         <name>.debug_line</name>
         <load_address>0x575e</load_address>
         <run_address>0x575e</run_address>
         <size>0x2b</size>
         <input_file_ref idref="fl-16b"/>
      </object_component>
      <object_component id="oc-332">
         <name>.debug_line</name>
         <load_address>0x5789</load_address>
         <run_address>0x5789</run_address>
         <size>0x20</size>
         <input_file_ref idref="fl-8"/>
      </object_component>
      <object_component id="oc-336">
         <name>.debug_line</name>
         <load_address>0x57a9</load_address>
         <run_address>0x57a9</run_address>
         <size>0x47</size>
         <input_file_ref idref="fl-8"/>
      </object_component>
      <object_component id="oc-339">
         <name>.debug_line</name>
         <load_address>0x57f0</load_address>
         <run_address>0x57f0</run_address>
         <size>0x20</size>
         <input_file_ref idref="fl-6"/>
      </object_component>
      <object_component id="oc-33d">
         <name>.debug_line</name>
         <load_address>0x5810</load_address>
         <run_address>0x5810</run_address>
         <size>0x47</size>
         <input_file_ref idref="fl-6"/>
      </object_component>
      <object_component id="oc-340">
         <name>.debug_line</name>
         <load_address>0x5857</load_address>
         <run_address>0x5857</run_address>
         <size>0x20</size>
         <input_file_ref idref="fl-9"/>
      </object_component>
      <object_component id="oc-344">
         <name>.debug_line</name>
         <load_address>0x5877</load_address>
         <run_address>0x5877</run_address>
         <size>0x48</size>
         <input_file_ref idref="fl-9"/>
      </object_component>
      <object_component id="oc-347">
         <name>.debug_line</name>
         <load_address>0x58bf</load_address>
         <run_address>0x58bf</run_address>
         <size>0x20</size>
         <input_file_ref idref="fl-d"/>
      </object_component>
      <object_component id="oc-34b">
         <name>.debug_line</name>
         <load_address>0x58df</load_address>
         <run_address>0x58df</run_address>
         <size>0x47</size>
         <input_file_ref idref="fl-d"/>
      </object_component>
      <object_component id="oc-353">
         <name>.debug_line</name>
         <load_address>0x5926</load_address>
         <run_address>0x5926</run_address>
         <size>0x2c</size>
         <input_file_ref idref="fl-168"/>
      </object_component>
      <object_component id="oc-356">
         <name>.debug_line</name>
         <load_address>0x5952</load_address>
         <run_address>0x5952</run_address>
         <size>0x2c</size>
         <input_file_ref idref="fl-168"/>
      </object_component>
      <object_component id="oc-358">
         <name>.debug_line</name>
         <load_address>0x597e</load_address>
         <run_address>0x597e</run_address>
         <size>0x20</size>
         <input_file_ref idref="fl-170"/>
      </object_component>
      <object_component id="oc-35e">
         <name>.debug_line</name>
         <load_address>0x599e</load_address>
         <run_address>0x599e</run_address>
         <size>0x49</size>
         <input_file_ref idref="fl-16f"/>
      </object_component>
      <object_component id="oc-362">
         <name>.debug_line</name>
         <load_address>0x59e7</load_address>
         <run_address>0x59e7</run_address>
         <size>0x33</size>
         <input_file_ref idref="fl-16c"/>
      </object_component>
      <object_component id="oc-366">
         <name>.debug_line</name>
         <load_address>0x5a1a</load_address>
         <run_address>0x5a1a</run_address>
         <size>0x58</size>
         <input_file_ref idref="fl-16c"/>
      </object_component>
      <object_component id="oc-36b">
         <name>.debug_line</name>
         <load_address>0x5a72</load_address>
         <run_address>0x5a72</run_address>
         <size>0x20</size>
         <input_file_ref idref="fl-171"/>
      </object_component>
      <object_component id="oc-36d">
         <name>.debug_line</name>
         <load_address>0x5a92</load_address>
         <run_address>0x5a92</run_address>
         <size>0x64</size>
         <input_file_ref idref="fl-16d"/>
      </object_component>
      <object_component id="oc-36f">
         <name>.debug_line</name>
         <load_address>0x5af6</load_address>
         <run_address>0x5af6</run_address>
         <size>0x9c</size>
         <input_file_ref idref="fl-168"/>
      </object_component>
      <object_component id="oc-376">
         <name>.debug_line</name>
         <load_address>0x5b92</load_address>
         <run_address>0x5b92</run_address>
         <size>0x5a</size>
         <input_file_ref idref="fl-16e"/>
      </object_component>
      <object_component id="oc-37a">
         <name>.debug_line</name>
         <load_address>0x5bec</load_address>
         <run_address>0x5bec</run_address>
         <size>0x5a</size>
         <input_file_ref idref="fl-16e"/>
      </object_component>
      <object_component id="oc-37d">
         <name>.debug_line</name>
         <load_address>0x5c46</load_address>
         <run_address>0x5c46</run_address>
         <size>0x5a</size>
         <input_file_ref idref="fl-16c"/>
      </object_component>
      <object_component id="oc-37f">
         <name>.debug_line</name>
         <load_address>0x5ca0</load_address>
         <run_address>0x5ca0</run_address>
         <size>0x2c</size>
         <input_file_ref idref="fl-16f"/>
      </object_component>
      <object_component id="oc-381">
         <name>.debug_line</name>
         <load_address>0x5ccc</load_address>
         <run_address>0x5ccc</run_address>
         <size>0x59</size>
         <input_file_ref idref="fl-16f"/>
      </object_component>
      <object_component id="oc-d">
         <name>.debug_frame</name>
         <load_address>0x0</load_address>
         <run_address>0x0</run_address>
         <size>0x3e</size>
         <input_file_ref idref="fl-1b"/>
      </object_component>
      <object_component id="oc-13">
         <name>.debug_frame</name>
         <load_address>0x3e</load_address>
         <run_address>0x3e</run_address>
         <size>0x3f</size>
[...]
      </symbol>
      <symbol id="sm-61d">
         <name>adc1ParityCheck</name>
         <value>0xfe4</value>
         <object_component_ref idref="oc-4e"/>
      </symbol>
      <symbol id="sm-61e">
         <name>checkefcSelfTest</name>
         <value>0x79c</value>
         <object_component_ref idref="oc-4e"/>
      </symbol>
      <symbol id="sm-61f">
         <name>checkRAMECC</name>
         <value>0x139c</value>
         <object_component_ref idref="oc-4e"/>
      </symbol>
      <symbol id="sm-620">
         <name>stcSelfCheckFail</name>
         <value>0xdd8</value>
         <object_component_ref idref="oc-4e"/>
      </symbol>
      <symbol id="sm-621">
         <name>ccmSelfCheck</name>
         <value>0x30</value>
         <object_component_ref idref="oc-4e"/>
      </symbol>
      <symbol id="sm-622">
         <name>efcCheck</name>
         <value>0x640</value>
         <object_component_ref idref="oc-4e"/>
      </symbol>
      <symbol id="sm-623">
         <name>cpuSelfTest</name>
         <value>0x234</value>
         <object_component_ref idref="oc-4e"/>
      </symbol>
      <symbol id="sm-624">
         <name>htu1ParityCheck</name>
         <value>0xf2c</value>
         <object_component_ref idref="oc-4e"/>
      </symbol>
      <symbol id="sm-625">
         <name>checkFlashECC</name>
         <value>0xcf8</value>
         <object_component_ref idref="oc-4e"/>
      </symbol>
      <symbol id="sm-626">
         <name>cpuSelfTestFail</name>
         <value>0xddc</value>
         <object_component_ref idref="oc-4e"/>
      </symbol>
      <symbol id="sm-627">
         <name>checkPLL1Slip</name>
         <value>0x1860</value>
         <object_component_ref idref="oc-4e"/>
      </symbol>
      <symbol id="sm-628">
         <name>mibspi1ParityCheck</name>
         <value>0x1240</value>
         <object_component_ref idref="oc-4e"/>
      </symbol>
      <symbol id="sm-629">
         <name>ccmr4GetConfigValue</name>
         <value>0x2014</value>
         <object_component_ref idref="oc-4e"/>
      </symbol>
      <symbol id="sm-62a">
         <name>pbistPortTestStatus</name>
         <value>0x5f8</value>
         <object_component_ref idref="oc-4e"/>
      </symbol>
      <symbol id="sm-62b">
         <name>checkFlashEEPROMECC</name>
         <value>0x16b8</value>
         <object_component_ref idref="oc-4e"/>
      </symbol>
      <symbol id="sm-62c">
         <name>pbistGetConfigValue</name>
         <value>0x1d90</value>
         <object_component_ref idref="oc-4e"/>
      </symbol>
      <symbol id="sm-62d">
         <name>vimParityCheck</name>
         <value>0xde0</value>
         <object_component_ref idref="oc-4e"/>
      </symbol>
      <symbol id="sm-62e">
         <name>pbistIsTestCompleted</name>
         <value>0x5a8</value>
         <object_component_ref idref="oc-4e"/>
      </symbol>
      <symbol id="sm-62f">
         <name>disableParity</name>
         <value>0x240c</value>
         <object_component_ref idref="oc-4e"/>
      </symbol>
      <symbol id="sm-630">
         <name>pbistRun</name>
         <value>0x4ac</value>
         <object_component_ref idref="oc-4e"/>
      </symbol>
      <symbol id="sm-631">
         <name>pbistFail</name>
         <value>0x1d0c</value>
         <object_component_ref idref="oc-4e"/>
      </symbol>
      <symbol id="sm-632">
         <name>selftestFailNotification</name>
         <value>0x20</value>
         <object_component_ref idref="oc-4e"/>
      </symbol>
      <symbol id="sm-633">
         <name>errata_PBIST_4</name>
         <value>0x2090</value>
         <object_component_ref idref="oc-4e"/>
      </symbol>
      <symbol id="sm-634">
         <name>efcSelfTest</name>
         <value>0x774</value>
         <object_component_ref idref="oc-4e"/>
      </symbol>
      <symbol id="sm-635">
         <name>checkB1RAMECC</name>
         <value>0xb08</value>
         <object_component_ref idref="oc-4e"/>
      </symbol>
      <symbol id="sm-636">
         <name>pbistStop</name>
         <value>0x578</value>
         <object_component_ref idref="oc-4e"/>
      </symbol>
      <symbol id="sm-637">
         <name>checkRAMAddrParity</name>
         <value>0x197c</value>
         <object_component_ref idref="oc-4e"/>
      </symbol>
      <symbol id="sm-638">
         <name>checkB0RAMECC</name>
         <value>0x918</value>
         <object_component_ref idref="oc-4e"/>
      </symbol>
      <symbol id="sm-639">
         <name>stcGetConfigValue</name>
         <value>0x1ed8</value>
         <object_component_ref idref="oc-4e"/>
      </symbol>
      <symbol id="sm-63a">
         <name>pbistIsTestPassed</name>
         <value>0x5c4</value>
         <object_component_ref idref="oc-4e"/>
      </symbol>
      <symbol id="sm-63b">
         <name>checkClockMonitor</name>
         <value>0x15e4</value>
         <object_component_ref idref="oc-4e"/>
      </symbol>
      <symbol id="sm-63c">
         <name>fmcECCcheck</name>
         <value>0x878</value>
         <object_component_ref idref="oc-4e"/>
      </symbol>
      <symbol id="sm-63d">
         <name>fmcBus2Check</name>
         <value>0x83c</value>
         <object_component_ref idref="oc-4e"/>
      </symbol>
      <symbol id="sm-63e">
         <name>checkRAMUERRTest</name>
         <value>0x1a84</value>
         <object_component_ref idref="oc-4e"/>
      </symbol>
      <symbol id="sm-63f">
         <name>efcStuckZeroTest</name>
         <value>0x6c8</value>
         <object_component_ref idref="oc-4e"/>
      </symbol>
      <symbol id="sm-65e">
         <name>_c_int00</name>
         <value>0x8230</value>
         <object_component_ref idref="oc-b"/>
      </symbol>
      <symbol id="sm-6f4">
         <name>vimChannelMap</name>
         <value>0x5f00</value>
         <object_component_ref idref="oc-3b"/>
      </symbol>
      <symbol id="sm-6f5">
         <name>vimInit</name>
         <value>0x5e2c</value>
         <object_component_ref idref="oc-3b"/>
      </symbol>
      <symbol id="sm-6f6">
         <name>vimEnableInterrupt</name>
         <value>0x5f9c</value>
         <object_component_ref idref="oc-3b"/>
      </symbol>
      <symbol id="sm-6f7">
         <name>vimDisableInterrupt</name>
         <value>0x60f4</value>
         <object_component_ref idref="oc-3b"/>
      </symbol>
      <symbol id="sm-6f8">
         <name>vimGetConfigValue</name>
         <value>0x6178</value>
         <object_component_ref idref="oc-3b"/>
      </symbol>
      <symbol id="sm-6f9">
         <name>vimParityErrorHandler</name>
         <value>0x7ba4</value>
         <object_component_ref idref="oc-37"/>
      </symbol>
      <symbol id="sm-74c">
         <name>systemGetConfigValue</name>
         <value>0x4420</value>
         <object_component_ref idref="oc-48"/>
      </symbol>
      <symbol id="sm-74d">
         <name>trimLPO</name>
         <value>0x4164</value>
         <object_component_ref idref="oc-48"/>
      </symbol>
      <symbol id="sm-74e">
         <name>systemInit</name>
         <value>0x4324</value>
         <object_component_ref idref="oc-48"/>
      </symbol>
      <symbol id="sm-74f">
         <name>tcmflashGetConfigValue</name>
         <value>0x47e0</value>
         <object_component_ref idref="oc-48"/>
      </symbol>
      <symbol id="sm-750">
         <name>sramGetConfigValue</name>
         <value>0x498c</value>
         <object_component_ref idref="oc-48"/>
      </symbol>
      <symbol id="sm-751">
         <name>periphInit</name>
         <value>0x41ec</value>
         <object_component_ref idref="oc-48"/>
      </symbol>
      <symbol id="sm-752">
         <name>setupFlash</name>
         <value>0x41ac</value>
         <object_component_ref idref="oc-48"/>
      </symbol>
      <symbol id="sm-753">
         <name>setupPLL</name>
         <value>0x4114</value>
         <object_component_ref idref="oc-48"/>
      </symbol>
      <symbol id="sm-754">
         <name>mapClocks</name>
         <value>0x4240</value>
         <object_component_ref idref="oc-48"/>
      </symbol>
      <symbol id="sm-755">
         <name>systemPowerDown</name>
         <value>0x43f0</value>
         <object_component_ref idref="oc-48"/>
      </symbol>
      <symbol id="sm-770">
         <name>__TI_auto_init</name>
         <value>0x9548</value>
         <object_component_ref idref="oc-5a"/>
      </symbol>
      <symbol id="sm-787">
         <name>__TI_decompress_none</name>
         <value>0x9f74</value>
         <object_component_ref idref="oc-11"/>
      </symbol>
      <symbol id="sm-7a9">
         <name>__TI_decompress_rle24</name>
         <value>0x9f88</value>
         <object_component_ref idref="oc-1d"/>
      </symbol>
      <symbol id="sm-7bc">
         <name>__TI_zero_init</name>
         <value>0x9f54</value>
         <object_component_ref idref="oc-17"/>
      </symbol>
      <symbol id="sm-7c9">
         <name>cos</name>
         <value>0x9f90</value>
         <object_component_ref idref="oc-204"/>
      </symbol>
      <symbol id="sm-7e2">
         <name>copy_in</name>
         <value>0x99c8</value>
         <object_component_ref idref="oc-c5"/>
      </symbol>
      <symbol id="sm-802">
         <name>C$$EXIT</name>
         <value>0x9a48</value>
         <object_component_ref idref="oc-65"/>
      </symbol>
      <symbol id="sm-803">
         <name>abort</name>
         <value>0x9a50</value>
         <object_component_ref idref="oc-65"/>
      </symbol>
      <symbol id="sm-804">
         <name>exit</name>
         <value>0x9a5c</value>
         <object_component_ref idref="oc-65"/>
      </symbol>
      <symbol id="sm-805">
         <name>__TI_dtors_ptr</name>
         <value>0x8003e54</value>
         <object_component_ref idref="oc-127"/>
      </symbol>
      <symbol id="sm-806">
         <name>__TI_cleanup_ptr</name>
         <value>0x8003e50</value>
         <object_component_ref idref="oc-127"/>
      </symbol>
      <symbol id="sm-81d">
         <name>__aeabi_dsub</name>
         <value>0x7e10</value>
         <object_component_ref idref="oc-20a"/>
      </symbol>
      <symbol id="sm-81e">
         <name>__aeabi_dadd</name>
         <value>0x7e1c</value>
         <object_component_ref idref="oc-20a"/>
      </symbol>
      <symbol id="sm-840">
         <name>__aeabi_cdcmpeq</name>
         <value>0x9388</value>
         <object_component_ref idref="oc-309"/>
      </symbol>
      <symbol id="sm-841">
         <name>__aeabi_cdcmple</name>
         <value>0x9388</value>
         <object_component_ref idref="oc-309"/>
      </symbol>
      <symbol id="sm-842">
         <name>__aeabi_cdrcmple</name>
         <value>0x9468</value>
         <object_component_ref idref="oc-ff"/>
      </symbol>
      <symbol id="sm-856">
         <name>__aeabi_ddiv</name>
         <value>0x896c</value>
         <object_component_ref idref="oc-1c3"/>
      </symbol>
      <symbol id="sm-861">
         <name>__aeabi_dmul</name>
         <value>0x9064</value>
         <object_component_ref idref="oc-1be"/>
      </symbol>
      <symbol id="sm-86b">
         <name>__aeabi_d2iz</name>
         <value>0x9b84</value>
         <object_component_ref idref="oc-1ff"/>
      </symbol>
      <symbol id="sm-875">
         <name>__aeabi_d2f</name>
         <value>0x9c3c</value>
         <object_component_ref idref="oc-f5"/>
      </symbol>
      <symbol id="sm-87f">
         <name>__aeabi_d2uiz</name>
         <value>0x9be0</value>
         <object_component_ref idref="oc-1c8"/>
      </symbol>
      <symbol id="sm-88c">
         <name>__aeabi_cfcmpeq</name>
         <value>0x98bc</value>
         <object_component_ref idref="oc-1ef"/>
      </symbol>
      <symbol id="sm-88d">
         <name>__aeabi_cfcmple</name>
         <value>0x98bc</value>
         <object_component_ref idref="oc-1ef"/>
      </symbol>
      <symbol id="sm-897">
         <name>__aeabi_fmul</name>
         <value>0x977c</value>
         <object_component_ref idref="oc-1f4"/>
      </symbol>
      <symbol id="sm-8a2">
         <name>__aeabi_f2d</name>
         <value>0x9b24</value>
         <object_component_ref idref="oc-fa"/>
      </symbol>
      <symbol id="sm-8ac">
         <name>__aeabi_f2iz</name>
         <value>0x9d98</value>
         <object_component_ref idref="oc-104"/>
      </symbol>
      <symbol id="sm-8b9">
         <name>__aeabi_idivmod</name>
         <value>0x9cec</value>
         <object_component_ref idref="oc-109"/>
      </symbol>
      <symbol id="sm-8ba">
         <name>__aeabi_idiv</name>
         <value>0x9cec</value>
         <object_component_ref idref="oc-109"/>
      </symbol>
      <symbol id="sm-8c4">
         <name>__aeabi_i2d</name>
         <value>0x9ec0</value>
         <object_component_ref idref="oc-ea"/>
      </symbol>
      <symbol id="sm-8cf">
         <name>__aeabi_i2f</name>
         <value>0x9de4</value>
         <object_component_ref idref="oc-1ea"/>
      </symbol>
      <symbol id="sm-8e8">
         <name>memcpy</name>
         <value>0x8afc</value>
         <object_component_ref idref="oc-6c"/>
      </symbol>
      <symbol id="sm-8e9">
         <name>__aeabi_memcpy</name>
         <value>0x8afc</value>
         <object_component_ref idref="oc-6c"/>
      </symbol>
      <symbol id="sm-8ea">
         <name>__aeabi_memcpy8</name>
         <value>0x8afc</value>
         <object_component_ref idref="oc-6c"/>
      </symbol>
      <symbol id="sm-8eb">
         <name>__aeabi_memcpy4</name>
         <value>0x8afc</value>
         <object_component_ref idref="oc-6c"/>
      </symbol>
      <symbol id="sm-8fa">
         <name>__aeabi_memset</name>
         <value>0x9620</value>
         <object_component_ref idref="oc-1e1"/>
      </symbol>
      <symbol id="sm-8fb">
         <name>memset</name>
         <value>0x962c</value>
         <object_component_ref idref="oc-1e1"/>
      </symbol>
      <symbol id="sm-8fc">
         <name>__aeabi_memset8</name>
         <value>0x9620</value>
         <object_component_ref idref="oc-1e1"/>
      </symbol>
      <symbol id="sm-8fd">
         <name>__aeabi_memset4</name>
         <value>0x9620</value>
         <object_component_ref idref="oc-1e1"/>
      </symbol>
      <symbol id="sm-8fe">
         <name>__aeabi_memclr8</name>
         <value>0x961c</value>
         <object_component_ref idref="oc-1e1"/>
      </symbol>
      <symbol id="sm-8ff">
         <name>__aeabi_memclr4</name>
         <value>0x961c</value>
         <object_component_ref idref="oc-1e1"/>
      </symbol>
      <symbol id="sm-900">
         <name>__aeabi_memclr</name>
         <value>0x961c</value>
         <object_component_ref idref="oc-1e1"/>
      </symbol>
      <symbol id="sm-90d">
         <name>sin</name>
         <value>0x9f98</value>
         <object_component_ref idref="oc-1f9"/>
      </symbol>
      <symbol id="sm-924">
         <name>sqrt</name>
         <value>0x8430</value>
         <object_component_ref idref="oc-ef"/>
      </symbol>
      <symbol id="sm-931">
         <name>__aeabi_uidivmod</name>
         <value>0x9d44</value>
         <object_component_ref idref="oc-1b9"/>
      </symbol>
      <symbol id="sm-932">
         <name>__aeabi_uidiv</name>
         <value>0x9d44</value>
         <object_component_ref idref="oc-1b9"/>
      </symbol>
      <symbol id="sm-93c">
         <name>__aeabi_ui2d</name>
         <value>0x9efc</value>
         <object_component_ref idref="oc-1cd"/>
      </symbol>
      <symbol id="sm-955">
         <name>_Dscale</name>
         <value>0x87c4</value>
         <object_component_ref idref="oc-22a"/>
      </symbol>
      <symbol id="sm-968">
         <name>_Dunscale</name>
         <value>0x96cc</value>
         <object_component_ref idref="oc-224"/>
      </symbol>
      <symbol id="sm-975">
         <name>_Feraise</name>
         <value>0x9e7c</value>
         <object_component_ref idref="oc-230"/>
      </symbol>
      <symbol id="sm-9ad">
         <name>_Sin</name>
         <value>0x7168</value>
         <object_component_ref idref="oc-2ae"/>
      </symbol>
      <symbol id="sm-9bd">
         <name>_Rteps</name>
         <value>0x8003e28</value>
         <object_component_ref idref="oc-236"/>
      </symbol>
      <symbol id="sm-9be">
         <name>_Zero</name>
         <value>0x8003e40</value>
         <object_component_ref idref="oc-236"/>
      </symbol>
      <symbol id="sm-9bf">
         <name>_Hugeval</name>
         <value>0x8003de8</value>
         <object_component_ref idref="oc-236"/>
      </symbol>
      <symbol id="sm-9c0">
         <name>_Snan</name>
         <value>0x8003e18</value>
         <object_component_ref idref="oc-236"/>
      </symbol>
      <symbol id="sm-9c1">
         <name>_Nan</name>
         <value>0x8003e08</value>
         <object_component_ref idref="oc-236"/>
      </symbol>
      <symbol id="sm-9c2">
         <name>_Inf</name>
         <value>0x8003df8</value>
         <object_component_ref idref="oc-236"/>
      </symbol>
      <symbol id="sm-9c3">
         <name>_Xbig</name>
         <value>0x8003e38</value>
         <object_component_ref idref="oc-236"/>
      </symbol>
      <symbol id="sm-9c4">
         <name>_Eps</name>
         <value>0x8003dd8</value>
         <object_component_ref idref="oc-236"/>
      </symbol>
      <symbol id="sm-9c5">
         <name>_Denorm</name>
         <value>0x8003dc8</value>
         <object_component_ref idref="oc-236"/>
      </symbol>
      <symbol id="sm-9df">
         <name>_nop</name>
         <value>0x9f48</value>
         <object_component_ref idref="oc-255"/>
      </symbol>
      <symbol id="sm-9e0">
         <name>_lock</name>
         <value>0x8003e48</value>
         <object_component_ref idref="oc-124"/>
      </symbol>
      <symbol id="sm-9e1">
         <name>_unlock</name>
         <value>0x8003e4c</value>
         <object_component_ref idref="oc-124"/>
      </symbol>
      <symbol id="sm-9e2">
         <name>_register_lock</name>
         <value>0x9f3c</value>
         <object_component_ref idref="oc-255"/>
      </symbol>
      <symbol id="sm-9e3">
         <name>_register_unlock</name>
         <value>0x9f30</value>
         <object_component_ref idref="oc-255"/>
      </symbol>
      <symbol id="sm-9eb">
         <name>_Errno</name>
         <value>0x8003dc4</value>
         <object_component_ref idref="oc-2dc"/>
      </symbol>
      <symbol id="sm-a0a">
         <name>feraiseexcept</name>
         <value>0x9c94</value>
         <object_component_ref idref="oc-2d6"/>
      </symbol>
      <symbol id="sm-a0b">
         <name>_Tls_setup__Fenv</name>
         <value>0x8003e5c</value>
         <object_component_ref idref="oc-32b"/>
      </symbol>
      <symbol id="sm-a0c">
         <name>_Fenv</name>
         <value>0x8003e58</value>
         <object_component_ref idref="oc-32b"/>
      </symbol>
      <symbol id="sm-a2a">
         <name>fmod</name>
         <value>0x8024</value>
         <object_component_ref idref="oc-30e"/>
      </symbol>
      <symbol id="sm-a3d">
         <name>raise</name>
         <value>0x9e30</value>
         <object_component_ref idref="oc-325"/>
      </symbol>
      <symbol id="sm-a57">
         <name>signal</name>
         <value>0x9ac0</value>
         <object_component_ref idref="oc-359"/>
      </symbol>
      <symbol id="sm-a6c">
         <name>_Dnorm</name>
         <value>0x8c7c</value>
         <object_component_ref idref="oc-2cc"/>
      </symbol>
      <symbol id="sm-a7e">
         <name>_Dtest</name>
         <value>0x9944</value>
         <object_component_ref idref="oc-303"/>
      </symbol>
      <symbol id="sm-a7f">
         <name>__TI_static_base__</name>
         <value>0x0</value>
      </symbol>
      <symbol id="sm-a80">
         <name>SHT$$INIT_ARRAY$$Limit</name>
         <value>0x0</value>
      </symbol>
      <symbol id="sm-a81">
         <name>SHT$$INIT_ARRAY$$Base</name>
         <value>0x0</value>
      </symbol>
   </symbol_table>
   <title>Link successful</title>
</link_info>
